acorn
administrator
anchor
android
angel
apple
application
asterisk
atm
attach
awstats
ax
baby_bottle
balance
ballon
bamboo
bank
barcode_2d
barcode
basket
baton
battery
bean
bed
beer
bell
bin
board_game
bomb
book
bookshelf
books
boomerang
box
brain
bug
burro
bus
butterfly
cactus
cake
cancel
car
cat
ceo
chameleon
chart
clock
cocacola
code
cog
coins
comment
compass
compile
compress
computer
connect
construction
cookies
cooler
cup
dashboard
database
dynamite
email
emotion_adore
emotion_amazing
emotion_anger
emotion_angry
emotion_bad_egg
emotion_bad_smelly
emotion_baffle
emotion_beaten
emotion_bigsmile
emotion_blind
emotion_bloody
emotion_clown
emotion_cry
emotion_dribble
emotion_ghost
emotion_injured
emotion_kiss
emotion_lol
emotion_mad
emotion_nerd
entity
envelope
error
exclamation
eye
film
filter
find
flamingo
flashdisk
flask
flood_it
flower
fog
form
fruit_grape
fruit_lime
ftp
gas
gear_in
grass
green
green_wormhole
green_yellow
grenade
group
handbag
hand
hand_point
hat
headphone_mic
headphone
health
heart
helicopter
helmet
help
highlighter
hippocampus
holly
home_page
horn
horoscopes
hotjobs
hot
hourglass
house
hummingbird
icecream
images
infocard
information
injection
installer_box
ipad
ipod
jacket
jeans
joystick
keyboard
key
kids
knot
ladybird
landmarks
led
legend
lightbulb_off
lightbulb
lock
lorry
luggage
magnet
map
mario
mask
measure
menu
metro
module
molecule
money
monitor
mouse
movies
multitool
music
mustache
new
oil
omelet
organisation
origami
page
parrot
peacock
peak_cap
pearl
pencil
pepper
perfomance
phone
photo
photos
piano
picture
pill
pint
pizza
plane
plant
plugin
poker
poo
popcorn
printer
private
processor
quill
rabbit
radiolocator
rainbow
rain
receipt
remote
report
research
resources
ring
rip
roadworks
robot
rocket
role
router
ruby
safe
santa
satellite
script
server
shoe
shop
skull_old
snail
snake_and_cup
sneakers
snowman_head
snowman
snow_rain
sofa
sound
soup
source_code
spam
speedometer
sport
spring
stairs
star
status_busy
status_offline
status_online
steering_wheel
stethoscope
stop
support
sword
tag
teapot
teddy_bear
terminal
text
theater
tick
tie
time
tipper
tire
todo_list
toilet_pan
tooth
tornado
toucan
tower
toxic
tractor
trade
traffic_lights
transmit
travel
tree_bare
tree
trojan_horse
trolley
tub
tux
tv
ubuntu
ufo
umbrella
unicorn
universal_binary
update
user_bart
user_batman
user_bender
user_c3po
user_catwomen
user_clown
user_darth_vader
user_death
user_devil
user_dracula
user_female
user_freddy
user_gladiator
user_gomer
user_halk
user_ironman
user_ninja
user_officer
user_pilot
user_pirate
user
user_r2d2
user_robocop
user_samurai
users_men_women
user_sponge_bob
user_superman
user_trooper
user_viking
user_yoda
vase
video
vlc
walk
wall_breack
wallet
wall
warning
widgets
windy
wizard
world
www
zone
zoom
