32_bit
3d_glasses
64_bit
abacus
accept_button
accept_document
accordion
account_balances
account_functions
account_menu
acorn
acoustic_guitar
action_log
administrator
agp
anchor
android
angel
apple
application
asterisk
atm
attach
awstats
ax
baby_bottle
backpack
backups
balance
ballon
bamboo
bandaid
bandwith
bank
barcode
barcode_2d
basket
baton
battery
beaker
bean
bed
beer
bell
bin
blueprint
board_game
bomb
book
bookmark
books
bookshelf
boomerang
bow
box
brain
bug
burro
bus
butterfly
building
cactus
cake
cancel
car
cart
cat
caution_biohazard
ceo
chameleon
chart
cigarette
cinema_ticket
class_module
clock
clown_fish
co2
cocacola
code
cog
coins
comment
compass
compile
compress
computer
connect
construction
cookies
cooler
cruise_ship
cup
curriculum_vitae
dashboard
database
do_not_disturb
draft
dynamite
egyptian_pyramid
email
emotion_adore
emotion_amazing
emotion_anger
emotion_angry
emotion_bad_egg
emotion_bad_smelly
emotion_baffle
emotion_beaten
emotion_bigsmile
emotion_blind
emotion_bloody
emotion_clown
emotion_cry
emotion_dribble
emotion_ghost
emotion_injured
emotion_kiss
emotion_lol
emotion_mad
emotion_medic
emotion_nerd
emotion_sick
entity
envelope
error
exclamation
eye
factory
film
filter
find
fire
flag_red_cross
flamingo
flashdisk
flask
flood_it
flower
fog
forklift
form
fruit_grape
fruit_lime
ftp
gas
gear_in
global_telecom
globe_model
grass
green
green_wormhole
green_yellow
grenade
group
gun
hand
handbag
hand_point
hat
headphone
headphone_mic
health
heart
helicopter
helmet
help
highlighter
hippocampus
holly
home_page
horn
horoscopes
hospital
hot
hotjobs
hourglass
house
hummingbird
icecream
images
infocard
information
injection
installer_box
ipad
ipod
jacket
jeans
joystick
key
keyboard
kids
knot
ladybird
landmarks
laptop
leaf_plant
led
legend
lightbulb
lightbulb_off
lightning
lock
lorry
luggage
magnet
map
mario
mask
measure
medical_record
menu
metro
module
molecule
money
monitor
mouse
movies
multitool
music
mustache
new
oil
omelet
organisation
origami
page
parrot
peacock
peak_cap
pearl
pencil
pepper
perfomance
phone
photo
photos
piano
picture
piece_of_cake
pill
pint
pizza
plane
plant
playing_cards
plugin
poker
poo
popcorn
port
printer
private
processor
quill
rabbit
radiolocator
rain
rainbow
receipt
relationships
remote
report
research
resources
ring
rip
roadworks
robot
rocket
role
rosette
router
rubber_duck
ruby
safe
salver
santa
satellite
satellite_dish
script
sertificate
server
server_components
shoe
shop
skull_old
snail
snake_and_cup
sneakers
snowman
snowman_head
snow_rain
sofa
sound
soup
source_code
spam
speedometer
sport
spray
spring
sql
stairs
star
status_busy
status_offline
status_online
steering_wheel
stethoscope
stop
storage
support
sushi
sword
table
tablets
tag
teapot
teddy_bear
telephone
terminal
text
theater
tick
tie
time
tipper
tire
todo_list
toilet_pan
tooth
tornado
toucan
tower
toxic
tractor
trade
traffic_lights
train
transmit
travel
tree
tree_bare
trojan_horse
trolley
tub
tux
tv
ubuntu
ufo
umbrella
unicorn
universal_binary
update
user
user_bart
user_batman
user_bender
user_c3po
user_catwomen
user_clown
user_darth_vader
user_death
user_devil
user_dracula
user_female
user_freddy
user_gladiator
user_gomer
user_halk
user_ironman
user_ninja
user_officer
user_pilot
user_pirate
user_r2d2
user_robocop
user_samurai
users_men_women
user_sponge_bob
user_superman
user_trooper
user_viking
user_yoda
vase
vcard
video
virus_protection
vlc
walk
wall
wall_breack
wallet
wand
warning
widgets
windy
wizard
world
wrench
www
xfn
yacht
zone
zoom