asterisk
burro
bus
butterfly
cactus
cake
cancel
car
cat
ceo
chameleon
chart
clock
cocacola
code
cog
coins
comment
compass
compile
compress
computer
connect
construction
cookies
cooler
cup
dashboard
database
dynamite
email
emotion_adore
emotion_amazing
emotion_anger
emotion_angry
emotion_bad_egg
emotion_bad_smelly
emotion_baffle
emotion_beaten
emotion_bigsmile
emotion_blind
emotion_bloody
emotion_cry
emotion_dribble
emotion_injured
emotion_kiss
emotion_lol
emotion_mad
emotion_nerd
entity
envelope
error
exclamation
eye
film
flamingo
flashdisk
flask
fog
form
gas
gear_in
grass
green
green_wormhole
green_yellow
group
handbag
hand
hand_point
hat
headphone_mic
headphone
health
heart
helicopter
helmet
help
highlighter
hippocampus
holly
home_page
horn
horoscopes
hotjobs
hot
hourglass
house
hummingbird
icecream
images
infocard
information
injection
installer_box
ipad
ipod
jacket
jeans
joystick
keyboard
key
kids
knot
ladybird
landmarks
led
legend
lightbulb_off
lightbulb
lock
lorry
luggage
magnet
map
mario
mask
measure
menu
metro
module
molecule
money
monitor
mouse
movies
multitool
music
mustache
new
oil
omelet
organisation
origami
page
peacock
peak_cap
pearl
pencil
pepper
perfomance
phone
photo
photos
piano
picture
pill
pint
pizza
plane
plant
plugin
poker
poo
popcorn
printer
private
processor
quill
rabbit
radiolocator
rainbow
rain
receipt
remote
report
research
resources
ring
rip
roadworks
robot
rocket
role
router
ruby
safe
santa
satellite
script
server
shoe
shop
skull_old
snowman
sofa
sound
soup
spam
speedometer
sport
spring
stairs
star
stop
support
sword
tag
teapot
text
theater
tick
tie
time
todo_list
tooth
tornado
toucan
tower
toxic
traffic_lights
transmit
travel
tree
tub
tux
tv
ufo
umbrella
unicorn
user
vase
video
vlc
walk
wallet
wall
warning
widgets
windy
wizard
world
www
zone
zoom
